QA output created by 506
*** create FS
*** check FS
*** mount FS

Error inject test
Create files
*** testfolder1 OK
*** testfolder1/file4 OK
*** testfolder1/file4 OK
*** Verified parent pointer: inode:16777344, name:file4, namelen:5
*** Parent pointer OK for child testfolder1/file4 inode:16777346
Inject error
Move files
mv: cannot move '/mnt/scratch/testfolder1/file4' to '/mnt/scratch/testfolder2/file5': Input/output error
FS should be shut down, touch will fail
touch: cannot touch 'SCRATCH_MNT/testfolder2/file5': Input/output error
Remount to replay log
FS should be online, touch should succeed
Check files again
*** testfolder2 OK
*** testfolder2/file5 OK
*** testfolder2/file5 OK
*** Verified parent pointer: inode:33613312, name:file5, namelen:5
*** Parent pointer OK for child testfolder2/file5 inode:16777346
*** unmount FS
*** done
