QA output created by 541
*** create FS
*** check FS
*** mount FS

Create parent pointer test
*** testfolder1 OK
*** testfolder1/file1 OK
*** testfolder1/file1 OK
*** Verified parent pointer: name:file1, namelen:5
*** Parent pointer OK for child testfolder1/file1

Move parent pointer test
*** testfolder2 OK
*** testfolder2/file1 OK
*** testfolder2/file1 OK
*** Verified parent pointer: name:file1, namelen:5
*** Parent pointer OK for child testfolder2/file1

Hard link parent pointer test
*** testfolder1 OK
*** testfolder1/file1_link OK
*** testfolder1/file1_link OK
*** Verified parent pointer: name:file1_link, namelen:10
*** Parent pointer OK for child testfolder1/file1_link
*** testfolder1 OK
*** testfolder2/file1 OK
*** testfolder1/file1_link OK
*** Verified parent pointer: name:file1_link, namelen:10
*** Parent pointer OK for child testfolder2/file1
*** testfolder2 OK
*** testfolder1/file1_link OK
*** testfolder2/file1 OK
*** Verified parent pointer: name:file1, namelen:5
*** Parent pointer OK for child testfolder1/file1_link
*** testfolder2 OK
*** testfolder2/file1 OK
*** testfolder2/file1 OK
*** Verified parent pointer: name:file1, namelen:5
*** Parent pointer OK for child testfolder2/file1

Remove hard link parent pointer test
*** testfolder1 OK
*** testfolder1/file1_link OK
*** testfolder1/file1_link OK
*** Verified parent pointer: name:file1_link, namelen:10
*** Parent pointer OK for child testfolder1/file1_link
*** testfolder1/file1_link OK

Rename parent pointer test
*** testfolder1 OK
*** testfolder1/file2 OK
*** testfolder1/file2 OK
*** Verified parent pointer: name:file2, namelen:5
*** Parent pointer OK for child testfolder1/file2
*** testfolder1/file2 OK

Over write parent pointer test
*** testfolder2 OK
*** testfolder2/file3 OK
*** testfolder2/file3 OK
*** Verified parent pointer: name:file3, namelen:5
*** Parent pointer OK for child testfolder2/file3
*** testfolder1 OK
*** testfolder1/file2 OK
*** testfolder1/file2 OK
*** Verified parent pointer: name:file2, namelen:5
*** Parent pointer OK for child testfolder1/file2
*** unmount FS
*** done
